// Jest Snapshot v1, https://goo.gl/fbAQLP

exports[`<Form> component should render component Form 1`] = `
<Fragment>
  <form
    onSubmit={[Function]}
  >
    <input
      onChange={[Function]}
      value=""
    />
  </form>
</Fragment>
`;
